// Jest Snapshot v1, https://goo.gl/fbAQLP

exports[`BeerDetails renders 1`] = `
.emotion-0 {
  display: grid;
  grid-template-rows: auto 1fr;
  -webkit-padding-start: var(--chakra-space-2);
  padding-inline-start: var(--chakra-space-2);
  -webkit-padding-end: var(--chakra-space-2);
  padding-inline-end: var(--chakra-space-2);
  padding-left: var(--chakra-space-2);
  width: 100%;
}

@media screen and (min-width: 30em) {
  .emotion-0 {
    -webkit-padding-start: var(--chakra-space-6);
    padding-inline-start: var(--chakra-space-6);
    -webkit-padding-end: var(--chakra-space-6);
    padding-inline-end: var(--chakra-space-6);
    padding-left: var(--chakra-space-6);
  }
}

@media screen and (min-width: 48em) {
  .emotion-0 {
    -webkit-padding-start: var(--chakra-space-12);
    padding-inline-start: var(--chakra-space-12);
    -webkit-padding-end: var(--chakra-space-12);
    padding-inline-end: var(--chakra-space-12);
    padding-left: var(--chakra-space-12);
  }
}

@media screen and (min-width: 62em) {
  .emotion-0 {
    -webkit-padding-start: 0px;
    padding-inline-start: 0px;
    -webkit-padding-end: 0px;
    padding-inline-end: 0px;
    padding-left: var(--chakra-space-8);
  }
}

@media screen and (min-width: 80em) {
  .emotion-0 {
    padding-left: 0px;
    width: 60%;
  }
}

.emotion-1 {
  display: none;
  grid-gap: var(--chakra-space-2);
  place-items: start;
  padding-top: var(--chakra-space-16);
  padding-bottom: var(--chakra-space-8);
}

@media screen and (min-width: 30em) {
  .emotion-1 {
    display: none;
  }
}

@media screen and (min-width: 48em) {
  .emotion-1 {
    display: grid;
  }
}

.emotion-2 {
  display: -webkit-box;
  display: -webkit-flex;
  display: -ms-flexbox;
  display: flex;
  -webkit-align-items: center;
  -webkit-box-align: center;
  -ms-flex-align: center;
  align-items: center;
  -webkit-box-pack: start;
  -ms-flex-pack: start;
  -webkit-justify-content: start;
  justify-content: start;
  -webkit-flex-direction: row;
  -ms-flex-direction: row;
  flex-direction: row;
  color: var(--chakra-colors-gray-600);
  font-size: var(--chakra-fontSizes-md);
}

.emotion-2>*:not(style)~*:not(style) {
  margin-top: 0px;
  -webkit-margin-end: 0px;
  margin-inline-end: 0px;
  margin-bottom: 0px;
  -webkit-margin-start: 0.5rem;
  margin-inline-start: 0.5rem;
}

@media screen and (min-width: 62em) {
  .emotion-2 {
    font-size: var(--chakra-fontSizes-lg);
  }
}

.emotion-3 {
  transition-property: var(--chakra-transition-property-common);
  transition-duration: var(--chakra-transition-duration-fast);
  transition-timing-function: var(--chakra-transition-easing-ease-out);
  cursor: pointer;
  -webkit-text-decoration: none;
  text-decoration: none;
  outline: 2px solid transparent;
  outline-offset: 2px;
  color: inherit;
}

.emotion-3:hover,
.emotion-3[data-hover] {
  -webkit-text-decoration: none;
  text-decoration: none;
  color: var(--chakra-colors-primary-500);
}

.emotion-3:focus,
.emotion-3[data-focus] {
  box-shadow: var(--chakra-shadows-none);
}

.emotion-3:active,
.emotion-3[data-active] {
  box-shadow: var(--chakra-shadows-none);
}

.emotion-4 {
  display: -webkit-box;
  display: -webkit-flex;
  display: -ms-flexbox;
  display: flex;
  -webkit-align-items: center;
  -webkit-box-align: center;
  -ms-flex-align: center;
  align-items: center;
  -webkit-flex-direction: row;
  -ms-flex-direction: row;
  flex-direction: row;
}

.emotion-4>*:not(style)~*:not(style) {
  margin-top: 0px;
  -webkit-margin-end: 0px;
  margin-inline-end: 0px;
  margin-bottom: 0px;
  -webkit-margin-start: 0.5rem;
  margin-inline-start: 0.5rem;
}

.emotion-5 {
  border-bottom-width: 1px;
  padding-bottom: .1rem;
}

.parent-link:hover .emotion-5 {
  border-color: var(--chakra-colors-primary-500);
}

.emotion-6 {
  width: var(--chakra-sizes-2);
  height: var(--chakra-sizes-2);
  -webkit-transform: rotate(45deg);
  -moz-transform: rotate(45deg);
  -ms-transform: rotate(45deg);
  transform: rotate(45deg);
  background: var(--chakra-colors-gray-500);
}

.emotion-8 {
  font-family: var(--chakra-fonts-heading);
  font-weight: var(--chakra-fontWeights-bold);
  font-size: var(--chakra-fontSizes-3xl);
  line-height: 1.33;
}

@media screen and (min-width: 48em) {
  .emotion-8 {
    font-size: var(--chakra-fontSizes-4xl);
    line-height: 1.2;
  }
}

.emotion-9 {
  font-family: var(--chakra-fonts-heading);
  font-weight: var(--chakra-fontWeights-bold);
  font-size: var(--chakra-fontSizes-xl);
  line-height: 1.2;
  color: var(--chakra-colors-gray-500);
}

.emotion-10 {
  display: grid;
  font-size: 1.15rem;
}

.emotion-11 {
  display: grid;
  grid-gap: var(--chakra-space-4);
  grid-template-columns: 1fr 1fr;
  padding-top: var(--chakra-space-12);
  padding-bottom: var(--chakra-space-12);
}

@media screen and (min-width: 62em) {
  .emotion-11 {
    padding-top: 0px;
  }
}

.emotion-12 {
  display: -webkit-box;
  display: -webkit-flex;
  display: -ms-flexbox;
  display: flex;
  -webkit-align-items: center;
  -webkit-box-align: center;
  -ms-flex-align: center;
  align-items: center;
  -webkit-flex-direction: row;
  -ms-flex-direction: row;
  flex-direction: row;
}

.emotion-12>*:not(style)~*:not(style) {
  margin-top: 0px;
  -webkit-margin-end: 0px;
  margin-inline-end: 0px;
  margin-bottom: 0px;
  -webkit-margin-start: var(--chakra-space-2);
  margin-inline-start: var(--chakra-space-2);
}

.emotion-13 {
  width: var(--chakra-sizes-6);
  height: var(--chakra-sizes-6);
  display: inline;
  line-height: 1em;
  -webkit-flex-shrink: 0;
  -ms-flex-negative: 0;
  flex-shrink: 0;
  color: var(--chakra-colors-primary-500);
}

.emotion-14 {
  font-weight: 500;
}

.emotion-18 {
  display: grid;
  grid-gap: var(--chakra-space-4);
  grid-template-columns: 1fr 1fr;
}

.emotion-19 {
  color: var(--chakra-colors-gray-600);
}

.emotion-35 {
  display: grid;
  grid-gap: var(--chakra-space-4);
  grid-template-columns: 1fr;
  -webkit-transition: all 0.2s ease;
  transition: all 0.2s ease;
  background: var(--chakra-colors-backgrounds-cards);
  border-width: 2px;
  border-color: var(--chakra-colors-backgrounds-cardsBorders);
  -webkit-padding-start: var(--chakra-space-6);
  padding-inline-start: var(--chakra-space-6);
  -webkit-padding-end: var(--chakra-space-6);
  padding-inline-end: var(--chakra-space-6);
  padding-top: var(--chakra-space-8);
  padding-bottom: var(--chakra-space-8);
  margin-top: var(--chakra-space-8);
  margin-bottom: var(--chakra-space-8);
  box-shadow: var(--chakra-shadows-secondary);
  -webkit-align-items: center;
  -webkit-box-align: center;
  -ms-flex-align: center;
  align-items: center;
  justify-items: center;
  max-height: none;
  max-width: none;
  position: relative;
}

@media screen and (min-width: 48em) {
  .emotion-35 {
    grid-template-columns: 1fr 1fr auto;
  }
}

@media screen and (min-width: 62em) {
  .emotion-35 {
    max-height: 120px;
    max-width: 100%;
  }
}

.emotion-36 {
  display: -webkit-box;
  display: -webkit-flex;
  display: -ms-flexbox;
  display: flex;
  -webkit-align-items: flex-start;
  -webkit-box-align: flex-start;
  -ms-flex-align: flex-start;
  align-items: flex-start;
  -webkit-flex-direction: column;
  -ms-flex-direction: column;
  flex-direction: column;
}

.emotion-36>*:not(style)~*:not(style) {
  margin-top: 0px;
  -webkit-margin-end: 0px;
  margin-inline-end: 0px;
  margin-bottom: 0px;
  -webkit-margin-start: 0px;
  margin-inline-start: 0px;
}

.emotion-37 {
  display: -webkit-box;
  display: -webkit-flex;
  display: -ms-flexbox;
  display: flex;
  -webkit-align-items: center;
  -webkit-box-align: center;
  -ms-flex-align: center;
  align-items: center;
  -webkit-flex-direction: column;
  -ms-flex-direction: column;
  flex-direction: column;
}

.emotion-37>*:not(style)~*:not(style) {
  margin-top: 0px;
  -webkit-margin-end: 0px;
  margin-inline-end: 0px;
  margin-bottom: 0px;
  -webkit-margin-start: 0px;
  margin-inline-start: 0px;
}

.emotion-38 {
  color: var(--chakra-colors-primary-500);
  font-weight: var(--chakra-fontWeights-bold);
  font-size: var(--chakra-fontSizes-4xl);
}

.emotion-39 {
  font-weight: var(--chakra-fontWeights-bold);
  color: var(--chakra-colors-gray-300);
  font-size: var(--chakra-fontSizes-lg);
  -webkit-text-decoration: line-through;
  text-decoration: line-through;
  padding-top: 0px;
}

@media screen and (min-width: 30em) {
  .emotion-39 {
    font-size: var(--chakra-fontSizes-sm);
  }
}

@media screen and (min-width: 48em) {
  .emotion-39 {
    font-size: var(--chakra-fontSizes-xl);
  }
}

.emotion-40 {
  display: grid;
  -webkit-align-content: center;
  -ms-flex-line-pack: center;
  align-content: center;
}

.emotion-41 {
  display: -webkit-box;
  display: -webkit-flex;
  display: -ms-flexbox;
  display: flex;
  -webkit-align-items: center;
  -webkit-box-align: center;
  -ms-flex-align: center;
  align-items: center;
  -webkit-box-pack: center;
  -ms-flex-pack: center;
  -webkit-justify-content: center;
  justify-content: center;
  box-shadow: var(--chakra-shadows-secondary);
  border-radius: 50px;
  min-width: 190px;
  padding-left: var(--chakra-space-6);
}

@media screen and (min-width: 30em) {
  .emotion-41 {
    min-width: 250px;
  }
}

@media screen and (min-width: 48em) {
  .emotion-41 {
    min-width: 190px;
  }
}

.emotion-42 {
  display: -webkit-inline-box;
  display: -webkit-inline-flex;
  display: -ms-inline-flexbox;
  display: inline-flex;
  -webkit-appearance: none;
  -moz-appearance: none;
  -ms-appearance: none;
  appearance: none;
  -webkit-align-items: center;
  -webkit-box-align: center;
  -ms-flex-align: center;
  align-items: center;
  -webkit-box-pack: center;
  -ms-flex-pack: center;
  -webkit-justify-content: center;
  justify-content: center;
  -webkit-user-select: none;
  -moz-user-select: none;
  -ms-user-select: none;
  user-select: none;
  position: relative;
  white-space: nowrap;
  vertical-align: middle;
  outline: 2px solid transparent;
  outline-offset: 2px;
  width: auto;
  line-height: 1.2;
  border-radius: 100%;
  font-weight: var(--chakra-fontWeights-semibold);
  transition-property: var(--chakra-transition-property-common);
  transition-duration: var(--chakra-transition-duration-normal);
  height: var(--chakra-sizes-6);
  min-width: var(--chakra-sizes-6);
  font-size: var(--chakra-fontSizes-xs);
  -webkit-padding-start: var(--chakra-space-2);
  padding-inline-start: var(--chakra-space-2);
  -webkit-padding-end: var(--chakra-space-2);
  padding-inline-end: var(--chakra-space-2);
  opacity: 1;
  border-width: 1px;
  border-color: var(--chakra-colors-primary-200);
  -webkit-transition: all 0.2s ease;
  transition: all 0.2s ease;
  color: var(--chakra-colors-primary-200);
  padding: 0px;
}

.emotion-42:focus,
.emotion-42[data-focus] {
  box-shadow: var(--chakra-shadows-none);
}

.emotion-42[disabled],
.emotion-42[aria-disabled=true],
.emotion-42[data-disabled] {
  opacity: 0.4;
  cursor: not-allowed;
  box-shadow: var(--chakra-shadows-none);
}

.emotion-42:hover,
.emotion-42[data-hover] {
  background-image: linear-gradient(to top, var(--chakra-colors-primary-200), var(--chakra-colors-primary-100), var(--chakra-colors-primary-50));
  color: var(--chakra-colors-white);
}

.emotion-42:hover[disabled],
.emotion-42[data-hover][disabled],
.emotion-42:hover[aria-disabled=true],
.emotion-42[data-hover][aria-disabled=true],
.emotion-42:hover[data-disabled],
.emotion-42[data-hover][data-disabled] {
  background: linear(to-t, primary.200, primary.100, primary.50);
}

.emotion-42:active,
.emotion-42[data-active] {
  box-shadow: var(--chakra-shadows-none);
  background-image: linear-gradient(to top, var(--chakra-colors-primary-200), var(--chakra-colors-primary-100), var(--chakra-colors-primary-50));
  color: var(--chakra-colors-white);
}

.emotion-43 {
  -webkit-flex: 1;
  -ms-flex: 1;
  flex: 1;
  justify-self: stretch;
  -webkit-align-self: stretch;
  -ms-flex-item-align: stretch;
  align-self: stretch;
}

.emotion-46 {
  display: -webkit-inline-box;
  display: -webkit-inline-flex;
  display: -ms-inline-flexbox;
  display: inline-flex;
  -webkit-appearance: none;
  -moz-appearance: none;
  -ms-appearance: none;
  appearance: none;
  -webkit-align-items: center;
  -webkit-box-align: center;
  -ms-flex-align: center;
  align-items: center;
  -webkit-box-pack: center;
  -ms-flex-pack: center;
  -webkit-justify-content: center;
  justify-content: center;
  -webkit-user-select: none;
  -moz-user-select: none;
  -ms-user-select: none;
  user-select: none;
  position: relative;
  white-space: nowrap;
  vertical-align: middle;
  outline: 2px solid transparent;
  outline-offset: 2px;
  width: 50px;
  line-height: 1.2;
  border-radius: 50px;
  font-weight: var(--chakra-fontWeights-semibold);
  transition-property: var(--chakra-transition-property-common);
  transition-duration: var(--chakra-transition-duration-normal);
  height: 50px;
  min-width: var(--chakra-sizes-10);
  font-size: 1.5rem;
  -webkit-padding-start: var(--chakra-space-4);
  padding-inline-start: var(--chakra-space-4);
  -webkit-padding-end: var(--chakra-space-4);
  padding-inline-end: var(--chakra-space-4);
  opacity: 1;
  background-image: linear-gradient(to top, var(--chakra-colors-primary-200), var(--chakra-colors-primary-100), var(--chakra-colors-primary-50));
  color: var(--chakra-colors-white);
  padding: 0px;
  margin-left: var(--chakra-space-4);
}

.emotion-46:focus,
.emotion-46[data-focus] {
  box-shadow: var(--chakra-shadows-none);
}

.emotion-46[disabled],
.emotion-46[aria-disabled=true],
.emotion-46[data-disabled] {
  opacity: 0.4;
  cursor: not-allowed;
  box-shadow: var(--chakra-shadows-none);
}

.emotion-46:hover,
.emotion-46[data-hover] {
  background-image: linear-gradient(to top, var(--chakra-colors-primary-300), var(--chakra-colors-primary-200), var(--chakra-colors-primary-100));
}

.emotion-46:hover[disabled],
.emotion-46[data-hover][disabled],
.emotion-46:hover[aria-disabled=true],
.emotion-46[data-hover][aria-disabled=true],
.emotion-46:hover[data-disabled],
.emotion-46[data-hover][data-disabled] {
  background: linear(to-t, primary.300, primary.200, primary.100);
}

.emotion-46:active,
.emotion-46[data-active] {
  box-shadow: var(--chakra-shadows-none);
  background-image: linear-gradient(to top, var(--chakra-colors-primary-300), var(--chakra-colors-primary-200), var(--chakra-colors-primary-100));
}

.emotion-47 {
  display: -webkit-inline-box;
  display: -webkit-inline-flex;
  display: -ms-inline-flexbox;
  display: inline-flex;
  -webkit-appearance: none;
  -moz-appearance: none;
  -ms-appearance: none;
  appearance: none;
  -webkit-align-items: center;
  -webkit-box-align: center;
  -ms-flex-align: center;
  align-items: center;
  -webkit-box-pack: center;
  -ms-flex-pack: center;
  -webkit-justify-content: center;
  justify-content: center;
  -webkit-user-select: none;
  -moz-user-select: none;
  -ms-user-select: none;
  user-select: none;
  position: absolute;
  white-space: nowrap;
  vertical-align: middle;
  outline: 2px solid transparent;
  outline-offset: 2px;
  width: 18px;
  line-height: 1.2;
  border-radius: var(--chakra-radii-md);
  font-weight: var(--chakra-fontWeights-semibold);
  transition-property: var(--chakra-transition-property-common);
  transition-duration: var(--chakra-transition-duration-normal);
  height: 18px;
  min-width: var(--chakra-sizes-10);
  font-size: 3rem;
  -webkit-padding-start: var(--chakra-space-4);
  padding-inline-start: var(--chakra-space-4);
  -webkit-padding-end: var(--chakra-space-4);
  padding-inline-end: var(--chakra-space-4);
  color: inherit;
  padding: 0px;
  margin-left: var(--chakra-space-4);
  top: var(--chakra-space-5);
  right: 5px;
}

@media screen and (min-width: 80em) {
  .emotion-47 {
    position: relative;
    top: 0px;
    right: 0px;
  }
}

.emotion-47:focus,
.emotion-47[data-focus] {
  box-shadow: var(--chakra-shadows-none);
}

.emotion-47[disabled],
.emotion-47[aria-disabled=true],
.emotion-47[data-disabled] {
  opacity: 0.4;
  cursor: not-allowed;
  box-shadow: var(--chakra-shadows-none);
}

.emotion-47:hover,
.emotion-47[data-hover] {
  background: var(--chakra-colors-gray-100);
}

.emotion-47:hover[disabled],
.emotion-47[data-hover][disabled],
.emotion-47:hover[aria-disabled=true],
.emotion-47[data-hover][aria-disabled=true],
.emotion-47:hover[data-disabled],
.emotion-47[data-hover][data-disabled] {
  background: initial;
}

.emotion-47:active,
.emotion-47[data-active] {
  box-shadow: var(--chakra-shadows-none);
  background: var(--chakra-colors-gray-200);
}

.emotion-48 {
  font-family: var(--chakra-fonts-heading);
  font-weight: var(--chakra-fontWeights-bold);
  font-size: var(--chakra-fontSizes-3xl);
  line-height: 1.33;
  color: var(--chakra-colors-gray-500);
}

@media screen and (min-width: 48em) {
  .emotion-48 {
    font-size: var(--chakra-fontSizes-4xl);
    line-height: 1.2;
  }
}

<div>
  <div
    class="emotion-0"
  >
    <div
      class="emotion-1"
    >
      <div
        class="chakra-stack emotion-2"
      >
        <a
          class="chakra-link parent-link emotion-3"
          href="#"
        >
          <div
            class="chakra-stack emotion-4"
          >
            <span
              class="emotion-5"
            >
              Lorem
            </span>
          </div>
        </a>
        <div
          class="emotion-6"
        />
        <h3
          class="chakra-text emotion-7"
        >
          Beer of Tomorrow
        </h3>
      </div>
      <h1
        class="chakra-heading emotion-8"
      >
        Buzz
      </h1>
      <h3
        class="chakra-heading emotion-9"
      >
        Venta Distributions
      </h3>
    </div>
    <div
      class="emotion-10"
    >
      <div
        class="emotion-11"
      >
        <div
          class="chakra-stack emotion-12"
        >
          <svg
            class="chakra-icon emotion-13"
            fill="currentColor"
            focusable="false"
            height="1em"
            stroke="currentColor"
            stroke-width="0"
            viewBox="0 0 512 512"
            width="1em"
            xmlns="http://www.w3.org/2000/svg"
          >
            <path
              d="M277.28 18.094c2.42 33.67-.094 66.692-8.967 99.187-.552-2.168-1.15-4.308-1.813-6.436-9.355-30.034-29.53-55.765-61.313-75.313-21.642-16.548-60.26-23.695-113.437-8.343 2.25 22.26 45.452 24.822 60.156 26.844C123.012 60.4 91.11 85.214 48.53 90.25c39.324 20.744 92.66 4.396 129.064-11.688-1.873 17.715-13.69 29.033-24.53 59.594 47.832-11.062 70.85-37.418 72.155-62.562 11.173 12.212 18.763 25.81 23.436 40.812 3.505 11.25 5.34 23.392 5.594 36.344 3.873 4.97 6.9 10.635 8.813 16.78 5.315-3.01 11.198-5.134 17.437-6.155 6.107-14.92 12.983-27.09 20.53-36.156 14.88-17.87 30.967-24.548 53.5-20.19l.033-.155c32.603 22.698 24.114 60.97 12.25 89.375 21.587-6.676 33.4-19.928 33.437-42.97 17.947 11.77 25.423 31.093 30.563 52.064 7.22-21.503 5.772-44.784-12.782-64.844l43.345 16.5c-27.924-33.363-54.318-68.923-105.28-68.688-26.457-4.45-49.91 4.967-67.376 24.563 7.41-31.25 9.436-62.938 7.28-94.78h-18.72zM212.53 150.97c-19.002 0-34.218 15.184-34.218 34.186 0 6.81 1.963 13.127 5.344 18.438 3.66-.807 7.452-1.25 11.344-1.25 13.056 0 25.03 4.807 34.28 12.72 10.44-5.836 17.44-17.008 17.44-29.908 0-19.002-15.186-34.187-34.19-34.187zm-58.405 18.686c-19.003 0-34.22 15.185-34.22 34.188 0 15.977 10.75 29.295 25.47 33.125 4.004-10.795 11.44-19.943 20.97-26.126-4.267-7.615-6.72-16.384-6.72-25.688 0-5.082.74-9.997 2.094-14.656-2.44-.544-4.984-.844-7.595-.844zm134.906 11.688c-19.002 0-34.217 15.185-34.217 34.187 0 3.495.51 6.866 1.468 10.032 4.125-1.04 8.44-1.593 12.876-1.593 16.203 0 30.745 7.38 40.47 18.936 8.274-6.225 13.593-16.133 13.593-27.375 0-19-15.186-34.186-34.19-34.186zM195 221.03c-19.003 0-34.22 15.218-34.22 34.22S176 289.47 195 289.47s34.22-15.218 34.22-34.22-15.217-34.22-34.22-34.22zm147.156 7.032c-.594 0-1.195.002-1.78.032-3.13 12.737-10.908 23.675-21.407 30.937 2.01 5.575 3.092 11.566 3.092 17.814 0 4.15-.523 8.182-1.437 12.062 5.863 4.74 13.34 7.563 21.53 7.563 19.004 0 34.22-15.218 34.22-34.22s-15.216-34.188-34.22-34.188zm-73 14.594c-8.17 0-15.644 2.82-21.5 7.53.16 1.673.25 3.352.25 5.064 0 12.203-4.18 23.462-11.187 32.438 4.49 13.63 17.23 23.375 32.436 23.375 19.003 0 34.22-15.217 34.22-34.22 0-19.002-15.217-34.187-34.22-34.187zm-144.25 11.094c-19.003 0-34.187 15.216-34.187 34.22 0 11.956 6.024 22.397 15.218 28.5 4.38-20.14 20.305-36.045 40.437-40.44-2.357-5.47-3.817-11.402-4.188-17.624-5.063-2.95-10.953-4.656-17.28-4.656zm32.72 39.72c-19.004 0-34.22 15.184-34.22 34.186 0 19.003 15.217 34.22 34.22 34.22 19 0 34.186-15.217 34.186-34.22 0-7.704-2.484-14.777-6.718-20.47-10.17-1.946-19.338-6.793-26.563-13.686-.3-.008-.603-.03-.905-.03zM222 300.686c-4.825 2.887-10.135 5.02-15.78 6.25 2.737 6.375 4.28 13.366 4.28 20.72 0 10.833-3.3 20.933-8.938 29.343 6.227 6.618 15.09 10.72 24.97 10.72 19.002 0 34.218-15.218 34.218-34.22 0-1.527-.122-3.028-.313-4.5-16.79-2.815-30.95-13.604-38.437-28.313zm91.03 5.657c-7.686 11.375-19.688 19.607-33.592 22.375 5.016 12.622 17.287 21.467 31.78 21.467 19.003 0 34.22-15.185 34.22-34.187 0-.313-.024-.627-.032-.938-1.075.066-2.16.094-3.25.094-10.745 0-20.76-3.25-29.125-8.812zm-38 48.125c-4.6 10.558-12.534 19.36-22.467 25.03 3.98 14.483 17.154 25 32.968 25 19.004 0 34.19-15.185 34.19-34.188 0-.71-.022-1.425-.064-2.125-2.75.445-5.567.688-8.437.688-13.967 0-26.708-5.495-36.19-14.406zm-86.31 15.936c-5.773 4.222-12.433 7.27-19.626 8.875-.816 2.942-1.28 6.036-1.28 9.25 0 19.004 15.184 34.19 34.186 34.19 19.002 0 34.22-15.186 34.22-34.19 0-1.006-.042-2.015-.126-3-3.103.575-6.3.876-9.563.876-14.775 0-28.19-6.147-37.81-16zm-61.282.625c-2.582 4.822-4.032 10.332-4.032 16.22 0 19.002 15.217 34.188 34.22 34.188.992 0 1.966-.044 2.936-.125-7.16-9.024-11.437-20.424-11.437-32.782 0-2.914.26-5.77.72-8.56-8.234-1.228-15.854-4.355-22.407-8.94zm122.968 38.72c-1.208 2.733-2.647 5.342-4.28 7.813 10.19 8.923 16.945 21.68 17.968 35.968 17.506-.66 31.472-14.26 32.75-31.592-3.65.802-7.43 1.25-11.313 1.25-13.452 0-25.763-5.1-35.124-13.438zm-17.094 21.313c-8.777 6.49-19.612 10.343-31.312 10.343-6.638 0-12.98-1.245-18.844-3.5-3.78 5.503-6 12.167-6 19.406 0 19.003 15.185 34.22 34.188 34.22 19.002 0 34.22-15.217 34.22-34.22 0-10.61-4.755-19.998-12.25-26.25z"
            />
          </svg>
          <p
            class="chakra-text emotion-14"
          >
            Fuggles
          </p>
        </div>
        <div
          class="chakra-stack emotion-12"
        >
          <svg
            class="chakra-icon emotion-13"
            fill="currentColor"
            focusable="false"
            height="1em"
            stroke="currentColor"
            stroke-width="0"
            viewBox="0 0 448 512"
            width="1em"
            xmlns="http://www.w3.org/2000/svg"
          >
            <path
              d="M368 96h-48V56c0-13.255-10.745-24-24-24H24C10.745 32 0 42.745 0 56v400c0 13.255 10.745 24 24 24h272c13.255 0 24-10.745 24-24v-42.11l80.606-35.977C429.396 365.063 448 336.388 448 304.86V176c0-44.112-35.888-80-80-80zm16 208.86a16.018 16.018 0 0 1-9.479 14.611L320 343.805V160h48c8.822 0 16 7.178 16 16v128.86zM208 384c-8.836 0-16-7.164-16-16V144c0-8.836 7.164-16 16-16s16 7.164 16 16v224c0 8.836-7.164 16-16 16zm-96 0c-8.836 0-16-7.164-16-16V144c0-8.836 7.164-16 16-16s16 7.164 16 16v224c0 8.836-7.164 16-16 16z"
            />
          </svg>
          <p
            class="chakra-text emotion-14"
          >
            25
            grams
          </p>
        </div>
      </div>
      <div
        class="emotion-18"
      >
        <p
          class="chakra-text emotion-19"
        >
          Company
        </p>
        <p
          class="chakra-text emotion-14"
        >
          Venta Distribution
        </p>
        <p
          class="chakra-text emotion-19"
        >
          Attenuation Level
        </p>
        <p
          class="chakra-text emotion-14"
        >
          75
        </p>
        <p
          class="chakra-text emotion-19"
        >
          abv
        </p>
        <p
          class="chakra-text emotion-14"
        >
          4.5
        </p>
        <p
          class="chakra-text emotion-19"
        >
          ibu
        </p>
        <p
          class="chakra-text emotion-14"
        >
          60
        </p>
        <p
          class="chakra-text emotion-19"
        >
          Volume
        </p>
        <p
          class="chakra-text emotion-14"
        >
          20lt
        </p>
        <p
          class="chakra-text emotion-19"
        >
          Boil Volume
        </p>
        <p
          class="chakra-text emotion-14"
        >
          25lt
        </p>
        <p
          class="chakra-text emotion-19"
        >
          ph
        </p>
        <p
          class="chakra-text emotion-14"
        >
          4.4
        </p>
        <p
          class="chakra-text emotion-19"
        >
          First Brewed 
        </p>
        <p
          class="chakra-text emotion-14"
        >
          09/2007
        </p>
      </div>
      <div
        class="emotion-35"
      >
        <div
          class="chakra-stack emotion-36"
        >
          <div
            class="chakra-stack emotion-37"
          >
            <p
              class="chakra-text emotion-38"
            >
              $
              1044
            </p>
            <p
              class="chakra-text emotion-39"
            >
              $
              1012.68
            </p>
          </div>
        </div>
        <div
          class="emotion-40"
        >
          <div
            class="emotion-41"
          >
            <button
              aria-label="Substrack"
              class="chakra-button emotion-42"
              type="button"
            >
              <svg
                aria-hidden="true"
                fill="currentColor"
                focusable="false"
                height="1em"
                stroke="currentColor"
                stroke-width="0"
                viewBox="0 0 448 512"
                width="1em"
                xmlns="http://www.w3.org/2000/svg"
              >
                <path
                  d="M416 208H32c-17.67 0-32 14.33-32 32v32c0 17.67 14.33 32 32 32h384c17.67 0 32-14.33 32-32v-32c0-17.67-14.33-32-32-32z"
                />
              </svg>
            </button>
            <div
              class="emotion-43"
            />
            <span
              aria-label="Item Quantity in the Cart"
            >
              0
            </span>
            <div
              class="emotion-43"
            />
            <button
              aria-label="Add"
              class="chakra-button emotion-42"
              type="button"
            >
              <svg
                aria-hidden="true"
                fill="currentColor"
                focusable="false"
                height="1em"
                stroke="currentColor"
                stroke-width="0"
                viewBox="0 0 448 512"
                width="1em"
                xmlns="http://www.w3.org/2000/svg"
              >
                <path
                  d="M416 208H272V64c0-17.67-14.33-32-32-32h-32c-17.67 0-32 14.33-32 32v144H32c-17.67 0-32 14.33-32 32v32c0 17.67 14.33 32 32 32h144v144c0 17.67 14.33 32 32 32h32c17.67 0 32-14.33 32-32V304h144c17.67 0 32-14.33 32-32v-32c0-17.67-14.33-32-32-32z"
                />
              </svg>
            </button>
            <button
              aria-label="Add To Cart"
              class="chakra-button emotion-46"
              type="button"
            >
              <svg
                aria-hidden="true"
                fill="currentColor"
                focusable="false"
                height="1em"
                stroke="currentColor"
                stroke-width="0"
                viewBox="0 0 512 512"
                width="1em"
                xmlns="http://www.w3.org/2000/svg"
              >
                <path
                  d="M80 176a16 16 0 00-16 16v216c0 30.24 25.76 56 56 56h272c30.24 0 56-24.51 56-54.75V192a16 16 0 00-16-16zm80 0v-32a96 96 0 0196-96h0a96 96 0 0196 96v32"
                  fill="none"
                  stroke-linecap="round"
                  stroke-linejoin="round"
                  stroke-width="32"
                />
                <path
                  d="M160 224v16a96 96 0 0096 96h0a96 96 0 0096-96v-16"
                  fill="none"
                  stroke-linecap="round"
                  stroke-linejoin="round"
                  stroke-width="32"
                />
              </svg>
            </button>
          </div>
        </div>
        <button
          aria-label="Share"
          class="chakra-button emotion-47"
          type="button"
        >
          <svg
            aria-hidden="true"
            fill="currentColor"
            focusable="false"
            height="1em"
            stroke="currentColor"
            stroke-width="0"
            viewBox="0 0 24 24"
            width="1em"
            xmlns="http://www.w3.org/2000/svg"
          >
            <circle
              cx="17.5"
              cy="18.5"
              fill="none"
              r="1.5"
            />
            <circle
              cx="5.5"
              cy="11.5"
              fill="none"
              r="1.5"
            />
            <circle
              cx="17.5"
              cy="5.5"
              fill="none"
              r="1.5"
            />
            <path
              d="M5.5,15c0.91,0,1.733-0.358,2.357-0.93l6.26,3.577C14.048,17.922,14,18.204,14,18.5c0,1.93,1.57,3.5,3.5,3.5 s3.5-1.57,3.5-3.5S19.43,15,17.5,15c-0.91,0-1.733,0.358-2.357,0.93l-6.26-3.577c0.063-0.247,0.103-0.502,0.108-0.768l6.151-3.515 C15.767,8.642,16.59,9,17.5,9C19.43,9,21,7.43,21,5.5S19.43,2,17.5,2S14,3.57,14,5.5c0,0.296,0.048,0.578,0.117,0.853L8.433,9.602 C7.808,8.64,6.729,8,5.5,8C3.57,8,2,9.57,2,11.5S3.57,15,5.5,15z M17.5,17c0.827,0,1.5,0.673,1.5,1.5S18.327,20,17.5,20 S16,19.327,16,18.5S16.673,17,17.5,17z M17.5,4C18.327,4,19,4.673,19,5.5S18.327,7,17.5,7S16,6.327,16,5.5S16.673,4,17.5,4z M5.5,10C6.327,10,7,10.673,7,11.5S6.327,13,5.5,13S4,12.327,4,11.5S4.673,10,5.5,10z"
            />
          </svg>
        </button>
      </div>
      <h3
        class="chakra-heading emotion-48"
      >
        Venta Distributions
      </h3>
    </div>
  </div>
</div>
`;
